---
source: src/app.rs
expression: "render(&app, 100, 12)"
---
 WhatsCLI v1.1.5  Maria Oliveira ● online
 Conversations               │  Maria
 › • Maria Oliveira [2]      │  Oi! Você viu as fotos da viagem? 📷
     Você viu as fotos da vi │  12:06 ◀
   # Equipe Produto          │
     Ravi: revisão amanhã às │                         You
                             │                         Vi sim — ficaram lindas. Depois te mando as
                             │                         minhas também 😊
                             │                         12:07 ▶
                             │
────────────────────────────────────────────────────────────────────────────────────────────────────
 Enter send  ·  Ctrl+p commands  ·  Ctrl+f search  ·  Tab chats
