---
source: src/app.rs
expression: "render(&app, 100, 28)"
---
 WhatsCLI v1.1.5  Maria Oliveira ● online
  con┌ Link WhatsCLI ─────────────────────────────────────────────────────────────────────────┐
 Conv│                                                                                        │
 › • │                            Scan with WhatsApp on your phone                            │
     │                        Settings → Linked devices → Link a device                       │
     │                                                                                        │
   # │                                        ████  ██                                        │
     │                                        ██  ████                                        │
     │                                        ████████                                        │ as
     │                                                                                        │
     │                                                                                        │
     │                                                                                        │
     │                                                                                        │
     │                                                                                        │
     │                                                                                        │
     │                                                                                        │
     │                                                                                        │
     │                                                                                        │
     │                                                                                        │
     │                                                                                        │
     │                                                                                        │
     │                                                                                        │
     │                                                                                        │
     │                         Expires in 44s  ·  Esc hides this code                         │
┌ Mes│                                                                                        │────┐
│ Typ│                                                                                        │    │
└────└────────────────────────────────────────────────────────────────────────────────────────┘────┘
 Enter send  ·  Ctrl+p commands  ·  Ctrl+f search  ·  Tab chats
