---
source: src/app.rs
expression: "render(&mut app, 100, 28)"
---
 WhatsCLI v1.1.6  Maria Oliveira ● online
  conversations / thread / composer
 Conversations               │ ──────── unread messages ────────
 › • Maria Oliveira [2]      │  Maria
     Você vi┌ Command palette ─────────────────────────────────────────────────────────┐
     ◇ messa│                                                                          │
   # Equipe │  ⌕ send                                                                  │
     Ravi: r│                                                                          │
     ◇ messa│ ──────────────────────────────────────────────────────────────────────── │e mando as
            │ › /sendaudio   Media     Send an audio file                              │
            │   /sendimage   Media     Send an image                                   │
            │   /sendvideo   Media     Send a video                                    │
            │   /upload      Media     Send a document                                 │
            │   /download    Media     Save a media message to the downloads folder  d │
            │   /view        Media     View an image or WebP sticker inside the TUI  E │
            │                                                                          │
            │                                                                          │
            │                                                                          │
            │                                                                          │
            │                                                                          │
            │                                                                          │
            │ ↑↓ choose  Enter run  Esc close                                          │
            │                                                                          │
            └──────────────────────────────────────────────────────────────────────────┘
┌ Message ─────────────────────────────────────────────────────────────────────────────────────────┐
│ Type a message or /command                                                                       │
└──────────────────────────────────────────────────────────────────────────────────────────────────┘
 Enter send  ·  Ctrl+p commands  ·  Ctrl+f search  ·  Tab chats
